// Bun Snapshot v1, https://goo.gl/fbAQLP

exports[`Recipe 1`] = `
Recipe {
  "children": [
    Directions {
      "children": [
        Step {
          "children": [
            "step 1",
          ],
          "duration": Amount {
            "count": undefined,
            "unit": undefined,
          },
        },
        Step {
          "children": [
            "step 2",
          ],
          "duration": Amount {
            "count": undefined,
            "unit": undefined,
          },
        },
        Step {
          "children": [
            "step 3",
          ],
          "duration": Amount {
            "count": undefined,
            "unit": undefined,
          },
        },
      ],
    },
    Ingredients {
      "children": [
        Ingredient {
          "amount": Amount {
            "count": 1,
            "unit": "g",
          },
          "category": [
            "category1",
          ],
          "key": undefined,
          "manipulation": [
            "undefined",
          ],
          "name": [],
        },
        Ingredient {
          "amount": Amount {
            "count": undefined,
            "unit": undefined,
          },
          "category": [
            "category2",
          ],
          "key": undefined,
          "manipulation": [
            "undefined",
          ],
          "name": [
            "ingredient2 (raw)",
          ],
        },
        Ingredient {
          "amount": Amount {
            "count": 20,
            "unit": "slices",
          },
          "category": [
            "category3",
          ],
          "key": "ingredient3",
          "manipulation": [
            "undefined",
          ],
          "name": [
            "Fresh ingredient 3",
          ],
        },
      ],
    },
    Preparation {
      "children": [
        Step {
          "children": [
            "take ",
            Ingredient {
              "amount": Amount {
                "count": undefined,
                "unit": undefined,
              },
              "category": [
                "undefined",
              ],
              "key": undefined,
              "manipulation": [
                "boil",
              ],
              "name": [
                "ingredient1",
              ],
            },
            " and boil it",
          ],
          "duration": Amount {
            "count": undefined,
            "unit": undefined,
          },
        },
        Step {
          "children": [
            "then take",
            " ",
            Ingredient {
              "amount": Amount {
                "count": 2,
                "unit": "kg",
              },
              "category": [
                "undefined",
              ],
              "key": undefined,
              "manipulation": [
                "fry",
              ],
              "name": [
                "ingredient2",
              ],
            },
            " ",
            "and fry in on a pan",
          ],
          "duration": Amount {
            "count": undefined,
            "unit": undefined,
          },
        },
        Step {
          "children": [
            "after that take",
            " ",
            Ingredient {
              "amount": Amount {
                "count": undefined,
                "unit": undefined,
              },
              "category": [
                "undefined",
              ],
              "key": "ingredient3",
              "manipulation": [
                "boil",
              ],
              "name": [
                "ingredient 3",
              ],
            },
            " ",
            "and boil it for 10 minutes",
          ],
          "duration": Amount {
            "count": 10,
            "unit": undefined,
          },
        },
      ],
    },
  ],
  "meal": [
    "breakfast",
    "lunch",
    "dinner",
  ],
  "name": "test recipe",
  "servings": Amount {
    "count": 4,
    "unit": undefined,
  },
}
`;
